#-----------------------------------------------------------
# Vivado v2023.1 (64-bit)
# SW Build 3865809 on Sun May  7 15:05:29 MDT 2023
# IP Build 3864474 on Sun May  7 20:36:21 MDT 2023
# SharedData Build 3865790 on Sun May 07 13:33:03 MDT 2023
# Start of session at: Mon Oct  9 15:13:05 2023
# Process ID: 1924
# Current directory: D:/xilinx/fpga_pro/Huffman_FPGA/Huffman
# Command line: vivado.exe -gui_launcher_event rodinguilauncherevent71328 D:\xilinx\fpga_pro\Huffman_FPGA\Huffman\Huffman.xpr
# Log file: D:/xilinx/fpga_pro/Huffman_FPGA/Huffman/vivado.log
# Journal file: D:/xilinx/fpga_pro/Huffman_FPGA/Huffman\vivado.jou
# Running On: LAPTOP-RC39G4HA, OS: Windows, CPU Frequency: 3194 MHz, CPU Physical cores: 16, Host memory: 34221 MB
#-----------------------------------------------------------
start_gui
open_project D:/xilinx/fpga_pro/Huffman_FPGA/Huffman/Huffman.xpr
update_compile_order -fileset sources_1
close [ open D:/xilinx/fpga_pro/Huffman_FPGA/getmin_2.v w ]
add_files D:/xilinx/fpga_pro/Huffman_FPGA/getmin_2.v
update_compile_order -fileset sources_1
launch_simulation
source tb_gn.tcl
run all
close_sim
launch_simulation
source tb_gn.tcl
run all
close_sim
export_ip_user_files -of_objects  [get_files D:/xilinx/fpga_pro/Huffman_FPGA/getmin_2.v] -no_script -reset -force -quiet
remove_files  D:/xilinx/fpga_pro/Huffman_FPGA/getmin_2.v
close [ open D:/xilinx/fpga_pro/Huffman_FPGA/Huffman_tree.v w ]
add_files D:/xilinx/fpga_pro/Huffman_FPGA/Huffman_tree.v
update_compile_order -fileset sources_1
create_fileset -simset sim_2
set_property SOURCE_SET sources_1 [get_filesets sim_2]
close [ open D:/xilinx/fpga_pro/Huffman_FPGA/tb_ht.v w ]
add_files -fileset sim_2 D:/xilinx/fpga_pro/Huffman_FPGA/tb_ht.v
update_compile_order -fileset sim_2
update_compile_order -fileset sim_2
launch_simulation
source tb_gn.tcl
close_sim
launch_simulation -simset [get_filesets sim_2 ]
launch_simulation -simset [get_filesets sim_2 ]
source tb_ht.tcl
close_sim
synth_design -top getnum -part xc7a35tcpg236-1 -lint 
launch_simulation -simset [get_filesets sim_2 ]
source tb_ht.tcl
current_wave_config {Untitled 5}
add_wave {{/tb_ht/uut/Tr_en}} 
relaunch_sim
run all
run all
run all
run all
run all
run 10 ms
close_sim
launch_simulation -simset [get_filesets sim_2 ]
source tb_ht.tcl
current_wave_config {Untitled 6}
add_wave {{/tb_ht/uut}} 
relaunch_sim
relaunch_sim
close_sim
launch_simulation -simset [get_filesets sim_2 ]
source tb_ht.tcl
relaunch_sim
relaunch_sim
current_wave_config {Untitled 7}
add_wave {{/tb_ht/uut}} 
relaunch_sim
relaunch_sim
run all
relaunch_sim
relaunch_sim
run all
relaunch_sim
relaunch_sim
current_wave_config {Untitled 7}
add_wave {{/tb_ht/uut}} 
relaunch_sim
run all
run all
relaunch_sim
close_sim
